[html-demo-orcin.vercel.app/mobile/fuzzy/payment.html]
[backblue.gif]
[fade.gif]
[index.html]
[html-demo-orcin.vercel.app/mobile/fuzzy/manifest.json]
[html-demo-orcin.vercel.app/mobile/fuzzy/assets/images/logo/favicon.png]
[html-demo-orcin.vercel.app/mobile/fuzzy/assets/css/vendors/bootstrap.min.css]
[html-demo-orcin.vercel.app/mobile/fuzzy/assets/css/style.css]
[html-demo-orcin.vercel.app/mobile/fuzzy/shipping-address.html]
[html-demo-orcin.vercel.app/mobile/fuzzy/assets/images/icons/svg/visa.svg]
[html-demo-orcin.vercel.app/mobile/fuzzy/new-card.html]
[html-demo-orcin.vercel.app/mobile/fuzzy/assets/images/icons/svg/paypal.svg]
[html-demo-orcin.vercel.app/mobile/fuzzy/assets/images/icons/svg/apple-pay.svg]
[html-demo-orcin.vercel.app/mobile/fuzzy/assets/images/icons/svg/google-pay.svg]
[html-demo-orcin.vercel.app/mobile/fuzzy/assets/images/icons/svg/cash.svg]
[html-demo-orcin.vercel.app/mobile/fuzzy/assets/images/gif/success.gif]
[html-demo-orcin.vercel.app/mobile/fuzzy/order-tracking.html]
[html-demo-orcin.vercel.app/mobile/fuzzy/landing.html]
[html-demo-orcin.vercel.app/mobile/fuzzy/assets/js/iconsax.js]
[html-demo-orcin.vercel.app/mobile/fuzzy/assets/js/bootstrap.bundle.min.js]
[html-demo-orcin.vercel.app/mobile/fuzzy/payment.html]
[html-demo-orcin.vercel.app/mobile/fuzzy/assets/css/vendors/iconsax.css]
[html-demo-orcin.vercel.app/mobile/fuzzy/assets/css/vendors/bootstrap.min.css]
[html-demo-orcin.vercel.app/mobile/fuzzy/assets/js/script.js]
[html-demo-orcin.vercel.app/mobile/fuzzy/assets/images/background/discount_bg.png]
[html-demo-orcin.vercel.app/mobile/fuzzy/assets/images/icons/completed.png]
[html-demo-orcin.vercel.app/mobile/fuzzy/assets/images/background/card.jpg]
[html-demo-orcin.vercel.app/mobile/fuzzy/assets/css/style.css]
[html-demo-orcin.vercel.app/mobile/fuzzy/checkout.html]
[html-demo-orcin.vercel.app/mobile/fuzzy/shipping-address.html]
[html-demo-orcin.vercel.app/mobile/fuzzy/assets/images/icons/svg/mastercard.svg]
[html-demo-orcin.vercel.app/mobile/fuzzy/assets/images/icons/svg/visa.svg]
[html-demo-orcin.vercel.app/mobile/fuzzy/new-card.html]
[html-demo-orcin.vercel.app/mobile/fuzzy/assets/images/icons/svg/paypal.svg]
[html-demo-orcin.vercel.app/mobile/fuzzy/assets/images/icons/svg/apple-pay.svg]
[html-demo-orcin.vercel.app/mobile/fuzzy/assets/images/icons/svg/google-pay.svg]
[html-demo-orcin.vercel.app/mobile/fuzzy/assets/images/icons/svg/cash.svg]
[html-demo-orcin.vercel.app/mobile/fuzzy/new-address.html]
[html-demo-orcin.vercel.app/mobile/fuzzy/categories.html]
[html-demo-orcin.vercel.app/mobile/fuzzy/order-tracking.html]
[html-demo-orcin.vercel.app/mobile/fuzzy/assets/css/vendors/swiper-bundle.min.css]
[html-demo-orcin.vercel.app/mobile/fuzzy/assets/images/icons/profile.png]
[html-demo-orcin.vercel.app/mobile/fuzzy/page-listing.html]
[html-demo-orcin.vercel.app/mobile/fuzzy/setting.html]
[html-demo-orcin.vercel.app/mobile/fuzzy/login.html]
[html-demo-orcin.vercel.app/mobile/fuzzy/notification.html]
[html-demo-orcin.vercel.app/mobile/fuzzy/assets/images/banner/banner-1.jpg]
[html-demo-orcin.vercel.app/mobile/fuzzy/shop.html]
[html-demo-orcin.vercel.app/mobile/fuzzy/assets/images/svg/sofa.svg]
[html-demo-orcin.vercel.app/mobile/fuzzy/assets/images/product/1.png]
[html-demo-orcin.vercel.app/mobile/fuzzy/cart.html]
[html-demo-orcin.vercel.app/mobile/fuzzy/assets/images/svg/Star.svg]
[html-demo-orcin.vercel.app/mobile/fuzzy/assets/images/product/2.png]
[html-demo-orcin.vercel.app/mobile/fuzzy/product-details.html]
[html-demo-orcin.vercel.app/mobile/fuzzy/assets/images/product/3.png]
[html-demo-orcin.vercel.app/mobile/fuzzy/assets/images/product/4.png]
[html-demo-orcin.vercel.app/mobile/fuzzy/assets/images/product/5.png]
[html-demo-orcin.vercel.app/mobile/fuzzy/assets/images/banner/banner-2.jpg]
[html-demo-orcin.vercel.app/mobile/fuzzy/assets/images/product/6.png]
[html-demo-orcin.vercel.app/mobile/fuzzy/assets/images/product/7.png]
[html-demo-orcin.vercel.app/mobile/fuzzy/assets/images/product/8.png]
[html-demo-orcin.vercel.app/mobile/fuzzy/assets/images/product/9.png]
[html-demo-orcin.vercel.app/mobile/fuzzy/assets/images/product/10.png]
[html-demo-orcin.vercel.app/mobile/fuzzy/assets/images/product/11.png]
[html-demo-orcin.vercel.app/mobile/fuzzy/assets/images/product/12.png]
[html-demo-orcin.vercel.app/mobile/fuzzy/assets/images/product/13.png]
[html-demo-orcin.vercel.app/mobile/fuzzy/assets/images/banner/banner-3.jpg]
[html-demo-orcin.vercel.app/mobile/fuzzy/assets/images/banner/banner-4.jpg]
[html-demo-orcin.vercel.app/mobile/fuzzy/assets/images/svg/categories.svg]
[html-demo-orcin.vercel.app/mobile/fuzzy/assets/images/svg/categories-fill.svg]
[html-demo-orcin.vercel.app/mobile/fuzzy/assets/images/svg/bag-fill.svg]
[html-demo-orcin.vercel.app/mobile/fuzzy/wishlist.html]
[html-demo-orcin.vercel.app/mobile/fuzzy/profile.html]
[html-demo-orcin.vercel.app/mobile/fuzzy/assets/js/swiper-bundle.min.js]
[html-demo-orcin.vercel.app/mobile/fuzzy/assets/js/custom-swiper.js]
[html-demo-orcin.vercel.app/mobile/fuzzy/assets/js/range-slider.js]
[html-demo-orcin.vercel.app/mobile/fuzzy/landing.html]
[html-demo-orcin.vercel.app/mobile/fuzzy/shipping.html]
[html-demo-orcin.vercel.app/mobile/fuzzy/checkout.html]
[html-demo-orcin.vercel.app/mobile/fuzzy/new-address.html]
[html-demo-orcin.vercel.app/mobile/fuzzy/coupon.html]
[html-demo-orcin.vercel.app/mobile/fuzzy/assets/images/product/21.png]
[html-demo-orcin.vercel.app/mobile/fuzzy/assets/images/product/22.png]
[html-demo-orcin.vercel.app/mobile/fuzzy/assets/images/product/23.png]
[html-demo-orcin.vercel.app/mobile/fuzzy/assets/images/product/24.png]
[html-demo-orcin.vercel.app/mobile/fuzzy/assets/images/product/25.png]
[html-demo-orcin.vercel.app/mobile/fuzzy/categories.html]
[html-demo-orcin.vercel.app/mobile/fuzzy/assets/images/svg/chack.svg]
[html-demo-orcin.vercel.app/mobile/fuzzy/assets/css/vendors/swiper-bundle.min.css]
[html-demo-orcin.vercel.app/mobile/fuzzy/create-account.html]
[html-demo-orcin.vercel.app/mobile/fuzzy/ne.51.delayed]
[html-demo-orcin.vercel.app/mobile/fuzzy/index.html]
[html-demo-orcin.vercel.app/mobile/fuzzy/otp.html]
[html-demo-orcin.vercel.app/mobile/fuzzy/reset-password.html]
[html-demo-orcin.vercel.app/mobile/fuzzy/product2-details.html]
[html-demo-orcin.vercel.app/mobile/fuzzy/order-details.html]
[html-demo-orcin.vercel.app/mobile/fuzzy/help.html]
[html-demo-orcin.vercel.app/mobile/fuzzy/language.html]
[html-demo-orcin.vercel.app/mobile/fuzzy/manage-delivery-address.59.delayed]
[html-demo-orcin.vercel.app/mobile/fuzzy/manage-payment.html]
[html-demo-orcin.vercel.app/mobile/fuzzy/order-history.html]
[html-demo-orcin.vercel.app/mobile/fuzzy/other-setting.5c.delayed]
[html-demo-orcin.vercel.app/mobile/fuzzy/profile-setting.html]
[html-demo-orcin.vercel.app/mobile/fuzzy/terms-conditions.html]
[html-demo-orcin.vercel.app/mobile/fuzzy/voucher.5f.delayed]
[html-demo-orcin.vercel.app/mobile/fuzzy/empty-cart.html]
[html-demo-orcin.vercel.app/mobile/fuzzy/empty-notification.html]
[html-demo-orcin.vercel.app/mobile/fuzzy/empty-order-history.html]
[html-demo-orcin.vercel.app/mobile/fuzzy/empty-search.html]
[html-demo-orcin.vercel.app/mobile/fuzzy/empty-wishlist.html]
[html-demo-orcin.vercel.app/mobile/fuzzy/page-listing.html]
[html-demo-orcin.vercel.app/mobile/fuzzy/setting.html]
[html-demo-orcin.vercel.app/mobile/fuzzy/search.html]
[html-demo-orcin.vercel.app/mobile/fuzzy/assets/images/background/auth_bg.jpg]
[html-demo-orcin.vercel.app/mobile/fuzzy/forgot-password.html]
[html-demo-orcin.vercel.app/mobile/fuzzy/assets/images/svg/google.svg]
[html-demo-orcin.vercel.app/mobile/fuzzy/login.html]
[html-demo-orcin.vercel.app/mobile/fuzzy/assets/images/svg/apple.svg]
[html-demo-orcin.vercel.app/mobile/fuzzy/assets/images/svg/discount.svg]
[html-demo-orcin.vercel.app/mobile/fuzzy/assets/images/svg/wallet.svg]
[html-demo-orcin.vercel.app/mobile/fuzzy/notification.html]
[html-demo-orcin.vercel.app/mobile/fuzzy/assets/images/product/14.png]
[html-demo-orcin.vercel.app/mobile/fuzzy/assets/images/product/15.png]
[html-demo-orcin.vercel.app/mobile/fuzzy/assets/images/product/16.png]
[html-demo-orcin.vercel.app/mobile/fuzzy/assets/images/product/17.png]
[html-demo-orcin.vercel.app/mobile/fuzzy/shop.html]
[html-demo-orcin.vercel.app/mobile/fuzzy/assets/images/svg/sofa.svg]
[html-demo-orcin.vercel.app/mobile/fuzzy/cart.html]
[html-demo-orcin.vercel.app/mobile/fuzzy/assets/images/svg/like.svg]
[html-demo-orcin.vercel.app/mobile/fuzzy/assets/images/svg/like-fill.svg]
[html-demo-orcin.vercel.app/mobile/fuzzy/assets/images/svg/Star.svg]
[html-demo-orcin.vercel.app/mobile/fuzzy/assets/css/vendors/dropzone.min.css]
[html-demo-orcin.vercel.app/mobile/fuzzy/assets/images/background/header-bg.png]
[html-demo-orcin.vercel.app/mobile/fuzzy/assets/images/product/26.png]
[html-demo-orcin.vercel.app/mobile/fuzzy/assets/images/product/27.png]
[html-demo-orcin.vercel.app/mobile/fuzzy/assets/images/icons/profile2.png]
[html-demo-orcin.vercel.app/mobile/fuzzy/assets/images/icons/profile3.png]
[html-demo-orcin.vercel.app/mobile/fuzzy/assets/images/icons/profile1.png]
[html-demo-orcin.vercel.app/mobile/fuzzy/product-details.html]
[html-demo-orcin.vercel.app/mobile/fuzzy/assets/images/svg/home.svg]
[html-demo-orcin.vercel.app/mobile/fuzzy/assets/images/svg/home-fill.svg]
[html-demo-orcin.vercel.app/mobile/fuzzy/assets/images/svg/categories.svg]
[html-demo-orcin.vercel.app/mobile/fuzzy/assets/images/svg/categories-fill.svg]
[html-demo-orcin.vercel.app/mobile/fuzzy/assets/images/svg/bag.svg]
[html-demo-orcin.vercel.app/mobile/fuzzy/assets/images/svg/bag-fill.svg]
[html-demo-orcin.vercel.app/mobile/fuzzy/assets/js/dropzone-min.js]
[html-demo-orcin.vercel.app/mobile/fuzzy/assets/images/product/18.png]
[html-demo-orcin.vercel.app/mobile/fuzzy/assets/images/product/19.png]
[html-demo-orcin.vercel.app/mobile/fuzzy/assets/images/product/20.png]
[html-demo-orcin.vercel.app/mobile/fuzzy/wishlist.html]
[html-demo-orcin.vercel.app/mobile/fuzzy/assets/images/svg/heart.svg]
[html-demo-orcin.vercel.app/mobile/fuzzy/assets/images/svg/heart-fill.svg]
[html-demo-orcin.vercel.app/mobile/fuzzy/profile.html]
[html-demo-orcin.vercel.app/mobile/fuzzy/assets/images/svg/profile.svg]
[html-demo-orcin.vercel.app/mobile/fuzzy/assets/images/svg/profile-fill.svg]
[html-demo-orcin.vercel.app/mobile/fuzzy/assets/images/svg/location-white.svg]
[html-demo-orcin.vercel.app/mobile/fuzzy/shipping.html]
[html-demo-orcin.vercel.app/mobile/fuzzy/manage-address.html]
[html-demo-orcin.vercel.app/mobile/fuzzy/assets/images/subtract.png]
[html-demo-orcin.vercel.app/mobile/fuzzy/coupon.html]
[html-demo-orcin.vercel.app/mobile/fuzzy/create-account.html]
[html-demo-orcin.vercel.app/mobile/fuzzy/ne.html]
[html-demo-orcin.vercel.app/mobile/fuzzy/assets/images/logo/logo.png]
[html-demo-orcin.vercel.app/mobile/fuzzy/assets/images/onboarding/design1.png]
[html-demo-orcin.vercel.app/mobile/fuzzy/assets/images/onboarding/1.png]
[html-demo-orcin.vercel.app/mobile/fuzzy/assets/images/onboarding/vector1.png]
[html-demo-orcin.vercel.app/mobile/fuzzy/assets/images/onboarding/vector2.png]
[html-demo-orcin.vercel.app/mobile/fuzzy/assets/images/onboarding/vector3.png]
[html-demo-orcin.vercel.app/mobile/fuzzy/assets/images/onboarding/2.png]
[html-demo-orcin.vercel.app/mobile/fuzzy/assets/images/onboarding/3.png]
[html-demo-orcin.vercel.app/mobile/fuzzy/assets/images/logo/48.png]
[html-demo-orcin.vercel.app/mobile/fuzzy/assets/js/homescreen-popup.js]
[html-demo-orcin.vercel.app/mobile/fuzzy/assets/js/offcanvas-popup.js]
[html-demo-orcin.vercel.app/mobile/fuzzy/index.html]
[html-demo-orcin.vercel.app/mobile/fuzzy/assets/js/otp.js]
[html-demo-orcin.vercel.app/mobile/fuzzy/otp.html]
[html-demo-orcin.vercel.app/mobile/fuzzy/reset-password.html]
[html-demo-orcin.vercel.app/mobile/fuzzy/assets/images/background/product-img-bg.png]
[html-demo-orcin.vercel.app/mobile/fuzzy/assets/images/product/29.png]
[html-demo-orcin.vercel.app/mobile/fuzzy/assets/images/product/28.png]
[html-demo-orcin.vercel.app/mobile/fuzzy/assets/images/product/30.png]
[html-demo-orcin.vercel.app/mobile/fuzzy/assets/images/effect.png]
[html-demo-orcin.vercel.app/mobile/fuzzy/assets/images/effect-dark.png]
[html-demo-orcin.vercel.app/mobile/fuzzy/product2-details.html]
[html-demo-orcin.vercel.app/mobile/fuzzy/order-details.html]
[html-demo-orcin.vercel.app/mobile/fuzzy/assets/images/banner/help-pic.png]
[html-demo-orcin.vercel.app/mobile/fuzzy/help.html]
[html-demo-orcin.vercel.app/mobile/fuzzy/language.html]
[html-demo-orcin.vercel.app/mobile/fuzzy/manage-delivery-address.html]
[html-demo-orcin.vercel.app/mobile/fuzzy/manage-payment.html]
[html-demo-orcin.vercel.app/mobile/fuzzy/order-history.html]
[html-demo-orcin.vercel.app/mobile/fuzzy/other-setting.html]
[html-demo-orcin.vercel.app/mobile/fuzzy/profile-setting.html]
[html-demo-orcin.vercel.app/mobile/fuzzy/terms-conditions.html]
[html-demo-orcin.vercel.app/mobile/fuzzy/voucher.html]
[html-demo-orcin.vercel.app/mobile/fuzzy/assets/images/gif/cart.gif]
[html-demo-orcin.vercel.app/mobile/fuzzy/empty-cart.html]
[html-demo-orcin.vercel.app/mobile/fuzzy/assets/images/gif/notifiction.gif]
[html-demo-orcin.vercel.app/mobile/fuzzy/empty-notification.html]
[html-demo-orcin.vercel.app/mobile/fuzzy/assets/images/gif/order.gif]
[html-demo-orcin.vercel.app/mobile/fuzzy/empty-order-history.html]
[html-demo-orcin.vercel.app/mobile/fuzzy/assets/images/gif/search.gif]
[html-demo-orcin.vercel.app/mobile/fuzzy/empty-search.html]
[html-demo-orcin.vercel.app/mobile/fuzzy/assets/images/gif/wishlist.gif]
[html-demo-orcin.vercel.app/mobile/fuzzy/empty-wishlist.html]
[html-demo-orcin.vercel.app/mobile/fuzzy/search.html]
[html-demo-orcin.vercel.app/mobile/fuzzy/forgot-password.html]
[html-demo-orcin.vercel.app/mobile/fuzzy/assets/images/svg/facebook.svg]
[html-demo-orcin.vercel.app/mobile/fuzzy/assets/images/svg/google.svg]
[html-demo-orcin.vercel.app/mobile/fuzzy/assets/images/svg/apple.svg]
[html-demo-orcin.vercel.app/mobile/fuzzy/assets/images/svg/discount.svg]
[html-demo-orcin.vercel.app/mobile/fuzzy/assets/images/svg/wallet.svg]
[html-demo-orcin.vercel.app/mobile/fuzzy/assets/images/svg/location.svg]
[html-demo-orcin.vercel.app/mobile/fuzzy/assets/images/svg/card.svg]
[html-demo-orcin.vercel.app/mobile/fuzzy/assets/css/vendors/dropzone.min.css]
[html-demo-orcin.vercel.app/mobile/fuzzy/assets/images/svg/star1.svg]
[html-demo-orcin.vercel.app/mobile/fuzzy/manage-address.html]
